--1. 현재 위치 --
$ pwd

출력 결과 : 
/Users/balsamncedar56301/Desktop/cdy-suz/mission1

 --- 2. 파일 목록 ---
$ ls -al
total 8
drwxr-xr-x  6 balsamncedar56301  balsamncedar56301  192 Jul 27 19:37 .
drwxr-xr-x  3 balsamncedar56301  balsamncedar56301   96 Jul 27 19:22 ..
-rw-r--r--  1 balsamncedar56301  balsamncedar56301  476 Jul 27 19:32 README.md
drwxr-xr-x  3 balsamncedar56301  balsamncedar56301   96 Jul 27 19:52 logs
drwxr-xr-x  5 balsamncedar56301  balsamncedar56301  160 Jul 27 19:42 practice
drwxr-xr-x  2 balsamncedar56301  balsamncedar56301   64 Jul 27 19:34 site


--- 3. 파일 생성 및 복사,  결과 확인 ---
$ touch memo.txt 
$ echo "Hello Terminal" >> memo.txt
$ cp practice/memo.txt practice/memo_backup.txt
$ cat memo_backup.txt

출력 결과 :
Hello Terminal
--- 4. 파일 이동 기록--
